// Jest Snapshot v1, https://goo.gl/fbAQLP

exports[`src/components/MenuSvg <MenuSvg /> snapshots should match the snapshot 1`] = `ShallowWrapper {}`;

exports[`src/components/MenuSvg <MenuSvg /> snapshots should match the snapshot with optional properties 1`] = `ShallowWrapper {}`;
